warning: setting :preferred_cli_env in your mix.exs "def project" is deprecated, set it inside "def cli" instead:

    def cli do
      [preferred_envs: [release: :prod, test: :test]]
    end

  (mix 1.19.4) lib/mix/cli.ex:187: Mix.CLI.preferred_cli_env/3
  (mix 1.19.4) lib/mix/cli.ex:170: Mix.CLI.maybe_change_env_and_target/2
  (mix 1.19.4) lib/mix/cli.ex:59: Mix.CLI.proceed/2
  /opt/homebrew/bin/mix:7: (file)
  (elixir 1.19.4) src/elixir_compiler.erl:81: :elixir_compiler.dispatch/4
  (elixir 1.19.4) src/elixir_compiler.erl:56: :elixir_compiler.compile/4

    warning: unused import OpenTelemetry.Tracer
    │
  5 │   import OpenTelemetry.Tracer
    │   ~
    │
    └─ lib/data_diode/s1/listener.ex:5:3

    warning: undefined module attribute @default_listen_port, please remove access to @default_listen_port or explicitly set it before access
    │
 20 │     port = Application.get_env(:data_diode, :s2_port, @default_listen_port)
    │     ~~~~~~~~~~~~~~~~~~~~~~~~~~~~~~~~~~~~~~~~~~~~~~~~~~~~~~~~~~~~~~~~~~~~~~~
    │
    └─ lib/data_diode/s2/listener.ex:20: DataDiode.S2.Listener (module)

15:42:11.392 [info] Application logger started at :nonode@nohost
15:42:11.401 [info] Child :ttb_autostart of Supervisor :runtime_tools_sup started
Pid: #PID<0.185.0>
Start Call: :ttb_autostart.start_link()
Restart: :temporary
Shutdown: 3000
Type: :worker
15:42:11.401 [info] Application runtime_tools started at :nonode@nohost
15:42:11.401 [info] Application opentelemetry_api started at :nonode@nohost
15:42:11.401 [info] Application ctx started at :nonode@nohost
15:42:11.401 [info] Application hpack started at :nonode@nohost
15:42:11.401 [info] Application chatterbox started at :nonode@nohost
15:42:11.402 [info] Application acceptor_pool started at :nonode@nohost
15:42:11.408 [info] Child :gproc of Supervisor :gproc_sup started
Pid: #PID<0.189.0>
Start Call: :gproc.start_link()
Restart: :permanent
Shutdown: 2000
Type: :worker
15:42:11.409 [info] Child :gproc_monitor of Supervisor :gproc_sup started
Pid: #PID<0.190.0>
Start Call: :gproc_monitor.start_link()
Restart: :permanent
Shutdown: 2000
Type: :worker
15:42:11.410 [info] Child :gproc_bcast of Supervisor :gproc_sup started
Pid: #PID<0.191.0>
Start Call: :gproc_bcast.start_link()
Restart: :permanent
Shutdown: 2000
Type: :worker
15:42:11.412 [info] Child :gproc_pool of Supervisor :gproc_sup started
Pid: #PID<0.192.0>
Start Call: :gproc_pool.start_link()
Restart: :permanent
Shutdown: 2000
Type: :worker
15:42:11.412 [info] Application gproc started at :nonode@nohost
15:42:11.414 [info] Child :grpcbox_services_simple_sup of Supervisor :grpcbox_sup started
Pid: #PID<0.196.0>
Start Call: :grpcbox_services_simple_sup.start_link()
Restart: :permanent
Shutdown: 5000
Type: :supervisor
15:42:11.415 [info] Child :grpcbox_channel_sup of Supervisor :grpcbox_sup started
Pid: #PID<0.197.0>
Start Call: :grpcbox_channel_sup.start_link()
Restart: :permanent
Shutdown: 5000
Type: :supervisor
15:42:11.415 [info] Application grpcbox started at :nonode@nohost
15:42:11.415 [info] Application ssl_verify_fun started at :nonode@nohost
15:42:11.493 [info] Loading 162 CA(s) from :otp store
15:42:11.493 [info] Child :tls_certificate_check_shared_state of Supervisor :tls_certificate_check_sup started
Pid: #PID<0.201.0>
Start Call: :tls_certificate_check_shared_state.start_link()
Restart: :permanent
Shutdown: :infinity
Type: :worker
15:42:11.493 [info] Application tls_certificate_check started at :nonode@nohost
15:42:11.493 [info] Application opentelemetry_exporter started at :nonode@nohost
15:42:11.500 [info] Child :otel_span_ets of Supervisor :otel_span_sup started
Pid: #PID<0.209.0>
Start Call: :otel_span_ets.start_link([])
Restart: :permanent
Shutdown: 5000
Type: :worker
15:42:11.501 [info] Child :otel_span_sweeper of Supervisor :otel_span_sup started
Pid: #PID<0.210.0>
Start Call: :otel_span_sweeper.start_link(%{strategy: :drop, interval: 600000, span_ttl: 1800000, storage_size: :infinity})
Restart: :permanent
Shutdown: 5000
Type: :worker
15:42:11.501 [info] Child :otel_span_sup of Supervisor :opentelemetry_sup started
Pid: #PID<0.208.0>
Start Call: :otel_span_sup.start_link(%{log_level: :info, sdk_disabled: false, text_map_propagators: [:trace_context, :baggage], create_application_tracers: true, attribute_count_limit: 128, attribute_per_event_limit: 128, attribute_per_link_limit: 128, attribute_value_length_limit: :infinity, bsp_exporting_timeout_ms: :undefined, bsp_max_queue_size: :undefined, bsp_scheduled_delay_ms: :undefined, deny_list: [], event_count_limit: 128, exemplar_filter: :trace_based, exemplars_enabled: false, id_generator: :otel_id_generator, link_count_limit: 128, metric_producers: [], metrics_exporter: {:opentelemetry_exporter, %{}}, processors: [otel_batch_processor: %{exporter: {:opentelemetry_exporter, %{}}, exporting_timeout_ms: 30000, max_queue_size: 2048, scheduled_delay_ms: 5000}], readers: [], register_loaded_applications: :undefined, resource_detector_timeout: 5000, resource_detectors: [:otel_resource_env_var, :otel_resource_app_env], sampler: {:parent_based, %{root: :always_on}}, ssp_exporting_timeout_ms: :undefined, sweeper: %{strategy: :drop, interval: 600000, span_ttl: 1800000, storage_size: :infinity}, traces_exporter: {:opentelemetry_exporter, %{}}, views: []})
Restart: :permanent
Shutdown: :infinity
Type: :supervisor
15:42:11.505 [info] Child :otel_resource_detector of Supervisor :opentelemetry_sup started
Pid: #PID<0.211.0>
Start Call: :otel_resource_detector.start_link(%{log_level: :info, sdk_disabled: false, text_map_propagators: [:trace_context, :baggage], create_application_tracers: true, attribute_count_limit: 128, attribute_per_event_limit: 128, attribute_per_link_limit: 128, attribute_value_length_limit: :infinity, bsp_exporting_timeout_ms: :undefined, bsp_max_queue_size: :undefined, bsp_scheduled_delay_ms: :undefined, deny_list: [], event_count_limit: 128, exemplar_filter: :trace_based, exemplars_enabled: false, id_generator: :otel_id_generator, link_count_limit: 128, metric_producers: [], metrics_exporter: {:opentelemetry_exporter, %{}}, processors: [otel_batch_processor: %{exporter: {:opentelemetry_exporter, %{}}, exporting_timeout_ms: 30000, max_queue_size: 2048, scheduled_delay_ms: 5000}], readers: [], register_loaded_applications: :undefined, resource_detector_timeout: 5000, resource_detectors: [:otel_resource_env_var, :otel_resource_app_env], sampler: {:parent_based, %{root: :always_on}}, ssp_exporting_timeout_ms: :undefined, sweeper: %{strategy: :drop, interval: 600000, span_ttl: 1800000, storage_size: :infinity}, traces_exporter: {:opentelemetry_exporter, %{}}, views: []})
Restart: :permanent
Shutdown: 5000
Type: :worker
15:42:11.507 [info] Child :otel_tracer_provider_sup of Supervisor :opentelemetry_sup started
Pid: #PID<0.214.0>
Start Call: :otel_tracer_provider_sup.start_link()
Restart: :permanent
Shutdown: 5000
Type: :supervisor
15:42:11.509 [info] Child :otel_span_processor_sup of Supervisor #PID<0.215.0> (:otel_tracer_server_sup) started
Pid: #PID<0.216.0>
Start Call: :otel_span_processor_sup.start_link(:otel_span_processor_sup_global)
Restart: :permanent
Shutdown: 5000
Type: :supervisor
15:42:11.514 [info] Child :otel_tracer_server of Supervisor #PID<0.215.0> (:otel_tracer_server_sup) started
Pid: #PID<0.217.0>
Start Call: :otel_tracer_server.start_link(:global, :otel_tracer_provider_global, :otel_span_processor_sup_global, {:resource, :undefined, {:attributes, 128, 255, 0, %{"process.executable.name": "erl", "process.runtime.description": "Erlang/OTP 28 erts-16.1.2", "process.runtime.version": "16.1.2", "process.runtime.name": "BEAM", "service.name": "unknown_service:erl", "service.instance.id": 311894317927837637048207690069805792576, "telemetry.sdk.version": "1.6.0", "telemetry.sdk.language": "erlang", "telemetry.sdk.name": "opentelemetry"}}}, %{log_level: :info, sdk_disabled: false, text_map_propagators: [:trace_context, :baggage], create_application_tracers: true, attribute_count_limit: 128, attribute_per_event_limit: 128, attribute_per_link_limit: 128, attribute_value_length_limit: :infinity, bsp_exporting_timeout_ms: :undefined, bsp_max_queue_size: :undefined, bsp_scheduled_delay_ms: :undefined, deny_list: [], event_count_limit: 128, exemplar_filter: :trace_based, exemplars_enabled: false, id_generator: :otel_id_generator, link_count_limit: 128, metric_producers: [], metrics_exporter: {:opentelemetry_exporter, %{}}, processors: [otel_batch_processor: %{exporter: {:opentelemetry_exporter, %{}}, exporting_timeout_ms: 30000, max_queue_size: 2048, scheduled_delay_ms: 5000}], readers: [], register_loaded_applications: :undefined, resource_detector_timeout: 5000, resource_detectors: [:otel_resource_env_var, :otel_resource_app_env], sampler: {:parent_based, %{root: :always_on}}, ssp_exporting_timeout_ms: :undefined, sweeper: %{strategy: :drop, interval: 600000, span_ttl: 1800000, storage_size: :infinity}, traces_exporter: {:opentelemetry_exporter, %{}}, views: []})
Restart: :permanent
Shutdown: 5000
Type: :worker
15:42:11.520 [debug] Child {:httpc, :"otel_exporter_otlp_<0.218.0>"} of Supervisor :httpc_profile_sup started
Pid: #PID<0.219.0>
Start Call: :httpc_manager.start_link(:"otel_exporter_otlp_<0.218.0>", :only_session_cookies, :inets)
Restart: :permanent
Shutdown: 4000
Type: :worker
15:42:11.521 [info] Application opentelemetry started at :nonode@nohost
15:42:11.523 [info] OTLP exporter successfully initialized
15:42:11.524 [info] Application jason started at :nonode@nohost
15:42:11.524 [info] Application logger_json started at :nonode@nohost
15:42:11.524 [info] Application nimble_ownership started at :nonode@nohost
15:42:11.527 [info] Child Mox of Supervisor Mox.Supervisor started
Pid: #PID<0.223.0>
Start Call: Mox.start_link_ownership()
Restart: :permanent
Shutdown: 5000
Type: :worker
15:42:11.528 [info] Application mox started at :nonode@nohost
15:42:11.533 [info] Child DataDiode.Metrics of Supervisor DataDiode.Supervisor started
Pid: #PID<0.227.0>
Start Call: DataDiode.Metrics.start_link([])
Restart: :permanent
Shutdown: 5000
Type: :worker
15:42:11.533 [info] Child DataDiode.SystemMonitor of Supervisor DataDiode.Supervisor started
Pid: #PID<0.228.0>
Start Call: DataDiode.SystemMonitor.start_link([])
Restart: :permanent
Shutdown: 5000
Type: :worker
15:42:11.534 [info] S1: Starting TCP Listener on port 0...
15:42:11.534 [info] Child DataDiode.S1.Listener of Supervisor DataDiode.Supervisor started
Pid: #PID<0.229.0>
Start Call: DataDiode.S1.Listener.start_link()
Restart: :permanent
Shutdown: 5000
Type: :worker
15:42:11.536 [info] Child DataDiode.S1.HandlerSupervisor of Supervisor DataDiode.Supervisor started
Pid: #PID<0.230.0>
Start Call: DataDiode.S1.HandlerSupervisor.start_link()
Restart: :permanent
Shutdown: :infinity
Type: :supervisor
15:42:11.539 [warning] S1 Encapsulator: Invalid S2_PORT 0, using default 42001
15:42:11.539 [info] Child DataDiode.S1.Encapsulator of Supervisor DataDiode.Supervisor started
Pid: #PID<0.231.0>
Start Call: DataDiode.S1.Encapsulator.start_link()
Restart: :permanent
Shutdown: 5000
Type: :worker
15:42:11.539 [info] Child DataDiode.S1.Heartbeat of Supervisor DataDiode.Supervisor started
Pid: #PID<0.232.0>
Start Call: DataDiode.S1.Heartbeat.start_link([])
Restart: :permanent
Shutdown: 5000
Type: :worker
15:42:11.539 [info] Child DataDiode.S2.HeartbeatMonitor of Supervisor DataDiode.Supervisor started
Pid: #PID<0.233.0>
Start Call: DataDiode.S2.HeartbeatMonitor.start_link([])
Restart: :permanent
Shutdown: 5000
Type: :worker
15:42:11.539 [info] Child DataDiode.DiskCleaner of Supervisor DataDiode.Supervisor started
Pid: #PID<0.234.0>
Start Call: DataDiode.DiskCleaner.start_link([])
Restart: :permanent
Shutdown: 5000
Type: :worker
15:42:11.540 [info] S2: Starting UDP Listener on port 0...
15:42:11.540 [info] Child DataDiode.S2.Listener of Supervisor DataDiode.Supervisor started
Pid: #PID<0.235.0>
Start Call: DataDiode.S2.Listener.start_link()
Restart: :permanent
Shutdown: 5000
Type: :worker
15:42:11.540 [info] Child DataDiode.S2.TaskSupervisor of Supervisor DataDiode.Supervisor started
Pid: #PID<0.236.0>
Start Call: Task.Supervisor.start_link([name: DataDiode.S2.TaskSupervisor, max_children: 200])
Restart: :permanent
Shutdown: :infinity
Type: :supervisor
15:42:11.540 [info] Application data_diode started at :nonode@nohost
15:42:11.545 [info] Child ExUnit.Server of Supervisor ExUnit.Supervisor started
Pid: #PID<0.242.0>
Start Call: ExUnit.Server.start_link([])
Restart: :permanent
Shutdown: 5000
Type: :worker
15:42:11.546 [info] Child ExUnit.CaptureServer of Supervisor ExUnit.Supervisor started
Pid: #PID<0.243.0>
Start Call: ExUnit.CaptureServer.start_link([])
Restart: :permanent
Shutdown: 5000
Type: :worker
15:42:11.546 [info] Application ex_unit started at :nonode@nohost
Running ExUnit with seed: 547886, max_cases: 16

     warning: redefining module DataDiode.S1.EncapsulatorMock (current version defined in memory)
     │
 491 │     Module.create(name, [info | body], Macro.Env.location(__ENV__))
     │     ~~~~~~~~~~~~~~~~~~~~~~~~~~~~~~~~~~~~~~~~~~~~~~~~~~~~~~~~~~~~~~~
     │
     └─ deps/mox/lib/mox.ex:491: DataDiode.S1.EncapsulatorMock (module)

.    warning: variable "c" is unused (if the variable is not meant to be used, prefix it with an underscore)
    │
 26 │     {:ok, c} = :gen_tcp.connect({127,0,0,1}, port, [:binary, active: false])
    │           ~
    │
    └─ test/long_term_robustness_test.exs:26:11: DataDiode.LongTermRobustnessTest."test TCPHandler exhaustive branch coverage"/1

    warning: variable "pid3" is unused (if the variable is not meant to be used, prefix it with an underscore)
    │
 62 │     {:ok, pid3} = TCPHandler.start_link(s3)
    │           ~~~~
    │
    └─ test/long_term_robustness_test.exs:62:11: DataDiode.LongTermRobustnessTest."test TCPHandler exhaustive branch coverage"/1

.15:42:11.684 [debug] S1: TCPHandler #PID<0.344.0> activating socket #Port<0.14>
......15:42:11.692 [info] DiskCleaner: Low disk space detected on . (< 15%). Starting autonomous cleanup...
15:42:11.692 [warning] DiskCleaner: Simulation - would delete oldest .dat files in . now.
.15:42:11.694 [info] Child of Supervisor :inet_gethost_native_sup started
Pid: #PID<0.386.0>
Start Call: :inet_gethost_native.init([])
.15:42:11.694 [debug] Child :inet_gethost_native_sup of Supervisor :kernel_safe_sup started
Pid: #PID<0.385.0>
Start Call: :inet_gethost_native.start_link()
Restart: :temporary
Shutdown: 1000
Type: :worker
15:42:11.707 [info] S2: Decapsulated packet from 127.0.0.1:80. Payload size: 9 bytes.
15:42:11.707 [debug] S2: Successfully wrote 9 bytes to ./data_1766119331707_4_80.dat. (Simulated secure write)


  1) test read_cpu_temp handles file read failure (DataDiode.SystemMonitorTest)
     test/system_monitor_test.exs:6
     ** (UndefinedFunctionError) function DataDiode.SystemMonitor.read_cpu_temp/0 is undefined or private. Did you mean:

         * get_cpu_temp/0

     code: temp = SystemMonitor.read_cpu_temp()
     stacktrace:
       (data_diode 0.1.0) DataDiode.SystemMonitor.read_cpu_temp()
       test/system_monitor_test.exs:7: (test)

........15:42:11.710 [error] S2: Failed to parse header: invalid_packet_size
.15:42:11.710 [info] S2: Decapsulated packet from 192.168.1.1:51210. Payload size: 23 bytes.
.15:42:11.710 [debug] S2: Successfully wrote 23 bytes to ./data_1766119331710_5_51210.dat. (Simulated secure write)
15:42:11.710 [info] S2: Decapsulated packet from 192.168.1.1:51210. Payload size: 0 bytes.
15:42:11.710 [debug] S2: Successfully wrote 0 bytes to ./data_1766119331710_6_51210.dat. (Simulated secure write)
.15:42:11.710 [error] S2: Failed to parse header: invalid_packet_size
.15:42:11.710 [info] S2: Decapsulated packet from 0.0.0.0:0. Payload size: 0 bytes.
.15:42:11.710 [debug] S2: Successfully wrote 0 bytes to ./data_1766119331710_7_0.dat. (Simulated secure write)
15:42:11.710 [info] S2: Decapsulated packet from 192.168.1.1:51210. Payload size: 23 bytes.
.15:42:11.710 [debug] S2: Successfully wrote 23 bytes to ./data_1766119331710_8_51210.dat. (Simulated secure write)
15:42:11.710 [error] S2: Failed to parse header: invalid_packet_size
.    warning: DataDiode.SystemMonitor.read_cpu_temp/0 is undefined or private. Did you mean:

        * get_cpu_temp/0

    │
  7 │     temp = SystemMonitor.read_cpu_temp()
    │                          ~
    │
    └─ test/system_monitor_test.exs:7:26: DataDiode.SystemMonitorTest."test read_cpu_temp handles file read failure"/1

.15:42:11.758 [info] DiskCleaner: Low disk space detected on . (< 15%). Starting autonomous cleanup...
15:42:11.758 [warning] DiskCleaner: Simulation - would delete oldest .dat files in . now.
15:42:11.761 [debug] S1: Generating end-to-end heartbeat.
15:42:11.769 [debug] S1: TCPHandler received unexpected message: :unexpected
15:42:11.769 [info] S1: Forwarded 4 bytes.
15:42:11.770 [info] S1: Starting TCP Listener on port 0...
15:42:11.770 [debug] S1: Listener received unexpected message: :unexp
15:42:12.137 [info] S2: Starting UDP Listener on port 0...
15:42:12.137 [warning] S2: Received unexpected message: :unexp
15:42:12.137 [error] S2: UDP Listener socket closed unexpectedly. Terminating.
15:42:12.138 [error] S2: Failed to parse header: invalid_packet_size
15:42:12.138 [info] S2: Decapsulated packet from 1.2.3.4:1286. Payload size: 2 bytes.
.15:42:12.138 [debug] S2: Successfully wrote 2 bytes to ./data_1766119332138_9_1286.dat. (Simulated secure write)
.15:42:12.138 [warning] S1 Encapsulator: Received unexpected message: :unexpected
15:42:12.138 [warning] S1 Encapsulator: Invalid IP invalid, dropping packet.
....df: /non/existent/path: No such file or directory
.........15:42:12.154 [info] S1: Starting TCP Listener on port 0...
15:42:12.355 [error] S1: Listener socket fatal error: :closed. Terminating for restart.
15:42:12.355 [info] S1: Stopped TCP Listener.
15:42:12.355 [error] GenServer :s1_flapping_test_unique terminating
** (stop) :closed
Last message: :accept_loop
State: #Port<0.56>
15:42:12.355 [error] Process :s1_flapping_test_unique (#PID<0.685.0>) terminating
** (exit) :closed
    (stdlib 7.1) gen_server.erl:2562: :gen_server.handle_common_reply/5
    (stdlib 7.1) proc_lib.erl:333: :proc_lib.init_p_do_apply/3
Initial Call: DataDiode.S1.Listener.init/1
Ancestors: [#PID<0.684.0>]
Message Queue Length: 0
Messages: []
Links: []
Dictionary: []
Trapping Exits: false
Status: :running
Heap Size: 1598
Stack Size: 29
Reductions: 3064
..15:42:12.357 [error] S1: Listener socket fatal error: :closed. Terminating for restart.
.....15:42:12.558 [info] S1: Starting TCP Listener on port 0...
15:42:12.760 [info] S1: New connection accepted.
15:42:12.760 [debug] S1: TCPHandler #PID<0.701.0> init for socket #Port<0.61>
15:42:12.760 [debug] S1: TCPHandler #PID<0.701.0> activating socket #Port<0.61>
15:42:12.810 [info] S1: Connection closed by 127.0.0.1:53787
15:42:12.810 [info] S1: Handler terminated for 127.0.0.1.
15:42:12.960 [info] S1: Stopped TCP Listener.
.15:42:12.960 [warning] S1: Invalid LISTEN_IP invalid, falling back to all interfaces.
.15:42:12.960 [info] S1: Starting TCP Listener on port 0...
..15:42:12.961 [debug] S1: TCPHandler #PID<0.710.0> init for socket #Port<0.65>
15:42:12.961 [debug] S1: TCPHandler #PID<0.710.0> activating socket #Port<0.65>
.15:42:13.012 [info] S1: Starting TCP Listener on port 8092...
15:42:13.013 [info] S1: New connection accepted.
15:42:13.013 [debug] S1: TCPHandler #PID<0.713.0> init for socket #Port<0.68>
15:42:13.013 [debug] S1: TCPHandler #PID<0.713.0> activating socket #Port<0.68>
15:42:13.013 [info] S1: Connection closed by 127.0.0.1:53791
15:42:13.013 [info] S1: Handler terminated for 127.0.0.1.
15:42:13.013 [info] S1: New connection accepted.
15:42:13.013 [debug] S1: TCPHandler #PID<0.714.0> init for socket #Port<0.70>
15:42:13.013 [debug] S1: TCPHandler #PID<0.714.0> activating socket #Port<0.70>
15:42:13.013 [info] S1: Connection closed by 127.0.0.1:53792
15:42:13.013 [info] S1: Handler terminated for 127.0.0.1.
15:42:13.013 [info] S1: New connection accepted.
15:42:13.013 [debug] S1: TCPHandler #PID<0.715.0> init for socket #Port<0.72>
15:42:13.013 [debug] S1: TCPHandler #PID<0.715.0> activating socket #Port<0.72>
15:42:13.013 [info] S1: Connection closed by 127.0.0.1:53793
15:42:13.013 [info] S1: Handler terminated for 127.0.0.1.
15:42:13.013 [info] S1: New connection accepted.
15:42:13.013 [debug] S1: TCPHandler #PID<0.716.0> init for socket #Port<0.74>
15:42:13.014 [debug] S1: TCPHandler #PID<0.716.0> activating socket #Port<0.74>
15:42:13.014 [info] S1: Connection closed by 127.0.0.1:53794
15:42:13.014 [info] S1: Handler terminated for 127.0.0.1.
15:42:13.014 [info] S1: New connection accepted.
15:42:13.014 [debug] S1: TCPHandler #PID<0.717.0> init for socket #Port<0.76>
15:42:13.014 [debug] S1: TCPHandler #PID<0.717.0> activating socket #Port<0.76>
15:42:13.014 [info] S1: Connection closed by 127.0.0.1:53795
15:42:13.014 [info] S1: Handler terminated for 127.0.0.1.
15:42:13.014 [info] S1: New connection accepted.
15:42:13.014 [debug] S1: TCPHandler #PID<0.718.0> init for socket #Port<0.78>
15:42:13.014 [debug] S1: TCPHandler #PID<0.718.0> activating socket #Port<0.78>
15:42:13.014 [info] S1: Connection closed by 127.0.0.1:53796
15:42:13.014 [info] S1: Handler terminated for 127.0.0.1.
15:42:13.014 [info] S1: New connection accepted.
15:42:13.014 [debug] S1: TCPHandler #PID<0.719.0> init for socket #Port<0.80>
15:42:13.014 [debug] S1: TCPHandler #PID<0.719.0> activating socket #Port<0.80>
15:42:13.014 [info] S1: Connection closed by 127.0.0.1:53797
15:42:13.014 [info] S1: Handler terminated for 127.0.0.1.
15:42:13.014 [info] S1: New connection accepted.
15:42:13.014 [debug] S1: TCPHandler #PID<0.720.0> init for socket #Port<0.82>
15:42:13.014 [debug] S1: TCPHandler #PID<0.720.0> activating socket #Port<0.82>
15:42:13.014 [info] S1: Connection closed by 127.0.0.1:53798
15:42:13.014 [info] S1: Handler terminated for 127.0.0.1.
15:42:13.015 [info] S1: New connection accepted.
15:42:13.015 [debug] S1: TCPHandler #PID<0.721.0> init for socket #Port<0.84>
15:42:13.015 [debug] S1: TCPHandler #PID<0.721.0> activating socket #Port<0.84>
15:42:13.015 [info] S1: Connection closed by 127.0.0.1:53799
15:42:13.015 [info] S1: Handler terminated for 127.0.0.1.
15:42:13.015 [info] S1: New connection accepted.
15:42:13.015 [debug] S1: TCPHandler #PID<0.722.0> init for socket #Port<0.86>
15:42:13.015 [debug] S1: TCPHandler #PID<0.722.0> activating socket #Port<0.86>
15:42:13.015 [info] S1: Connection closed by 127.0.0.1:53800
15:42:13.015 [info] S1: Handler terminated for 127.0.0.1.
15:42:13.015 [info] S1: New connection accepted.
15:42:13.015 [debug] S1: TCPHandler #PID<0.723.0> init for socket #Port<0.88>
15:42:13.015 [debug] S1: TCPHandler #PID<0.723.0> activating socket #Port<0.88>
15:42:13.015 [info] S1: Connection closed by 127.0.0.1:53801
15:42:13.015 [info] S1: Handler terminated for 127.0.0.1.
15:42:13.015 [info] S1: New connection accepted.
15:42:13.015 [debug] S1: TCPHandler #PID<0.724.0> init for socket #Port<0.90>
15:42:13.015 [debug] S1: TCPHandler #PID<0.724.0> activating socket #Port<0.90>
15:42:13.015 [info] S1: Connection closed by 127.0.0.1:53802
15:42:13.015 [info] S1: Handler terminated for 127.0.0.1.
15:42:13.016 [info] S1: New connection accepted.
15:42:13.016 [debug] S1: TCPHandler #PID<0.725.0> init for socket #Port<0.92>
15:42:13.016 [debug] S1: TCPHandler #PID<0.725.0> activating socket #Port<0.92>
15:42:13.016 [info] S1: Connection closed by 127.0.0.1:53803
15:42:13.016 [info] S1: Handler terminated for 127.0.0.1.
15:42:13.016 [info] S1: New connection accepted.
15:42:13.016 [debug] S1: TCPHandler #PID<0.726.0> init for socket #Port<0.94>
15:42:13.016 [debug] S1: TCPHandler #PID<0.726.0> activating socket #Port<0.94>
15:42:13.016 [info] S1: Connection closed by 127.0.0.1:53804
15:42:13.016 [info] S1: Handler terminated for 127.0.0.1.
15:42:13.016 [info] S1: New connection accepted.
15:42:13.016 [debug] S1: TCPHandler #PID<0.727.0> init for socket #Port<0.96>
15:42:13.016 [debug] S1: TCPHandler #PID<0.727.0> activating socket #Port<0.96>
15:42:13.016 [info] S1: Connection closed by 127.0.0.1:53805
15:42:13.016 [info] S1: Handler terminated for 127.0.0.1.
15:42:13.016 [info] S1: New connection accepted.
15:42:13.016 [debug] S1: TCPHandler #PID<0.728.0> init for socket #Port<0.98>
15:42:13.016 [debug] S1: TCPHandler #PID<0.728.0> activating socket #Port<0.98>
15:42:13.016 [info] S1: Connection closed by 127.0.0.1:53806
15:42:13.016 [info] S1: Handler terminated for 127.0.0.1.
15:42:13.016 [info] S1: New connection accepted.
15:42:13.016 [debug] S1: TCPHandler #PID<0.729.0> init for socket #Port<0.100>
15:42:13.016 [debug] S1: TCPHandler #PID<0.729.0> activating socket #Port<0.100>
15:42:13.016 [info] S1: Connection closed by 127.0.0.1:53807
15:42:13.016 [info] S1: Handler terminated for 127.0.0.1.
15:42:13.016 [info] S1: New connection accepted.
15:42:13.016 [debug] S1: TCPHandler #PID<0.730.0> init for socket #Port<0.102>
15:42:13.016 [debug] S1: TCPHandler #PID<0.730.0> activating socket #Port<0.102>
15:42:13.016 [info] S1: Connection closed by 127.0.0.1:53808
15:42:13.016 [info] S1: Handler terminated for 127.0.0.1.
15:42:13.017 [info] S1: New connection accepted.
15:42:13.017 [debug] S1: TCPHandler #PID<0.731.0> init for socket #Port<0.104>
15:42:13.017 [debug] S1: TCPHandler #PID<0.731.0> activating socket #Port<0.104>
15:42:13.017 [info] S1: Connection closed by 127.0.0.1:53809
15:42:13.017 [info] S1: Handler terminated for 127.0.0.1.
15:42:13.017 [info] S1: New connection accepted.
15:42:13.017 [debug] S1: TCPHandler #PID<0.732.0> init for socket #Port<0.106>
15:42:13.017 [debug] S1: TCPHandler #PID<0.732.0> activating socket #Port<0.106>
15:42:13.017 [info] S1: Connection closed by 127.0.0.1:53810
15:42:13.017 [info] S1: Handler terminated for 127.0.0.1.
15:42:13.017 [info] S1: New connection accepted.
15:42:13.017 [debug] S1: TCPHandler #PID<0.733.0> init for socket #Port<0.108>
15:42:13.017 [debug] S1: TCPHandler #PID<0.733.0> activating socket #Port<0.108>
15:42:13.017 [info] S1: Connection closed by 127.0.0.1:53811
15:42:13.017 [info] S1: Handler terminated for 127.0.0.1.
15:42:13.017 [info] S1: New connection accepted.
15:42:13.017 [debug] S1: TCPHandler #PID<0.734.0> init for socket #Port<0.110>
15:42:13.017 [debug] S1: TCPHandler #PID<0.734.0> activating socket #Port<0.110>
15:42:13.017 [info] S1: Connection closed by 127.0.0.1:53812
15:42:13.017 [info] S1: Handler terminated for 127.0.0.1.
15:42:13.017 [info] S1: New connection accepted.
15:42:13.017 [debug] S1: TCPHandler #PID<0.735.0> init for socket #Port<0.112>
15:42:13.017 [debug] S1: TCPHandler #PID<0.735.0> activating socket #Port<0.112>
15:42:13.017 [info] S1: Connection closed by 127.0.0.1:53813
15:42:13.017 [info] S1: Handler terminated for 127.0.0.1.
15:42:13.017 [info] S1: New connection accepted.
15:42:13.017 [debug] S1: TCPHandler #PID<0.736.0> init for socket #Port<0.114>
15:42:13.017 [debug] S1: TCPHandler #PID<0.736.0> activating socket #Port<0.114>
15:42:13.017 [info] S1: Connection closed by 127.0.0.1:53814
15:42:13.017 [info] S1: Handler terminated for 127.0.0.1.
15:42:13.017 [info] S1: New connection accepted.
15:42:13.017 [debug] S1: TCPHandler #PID<0.737.0> init for socket #Port<0.116>
15:42:13.018 [debug] S1: TCPHandler #PID<0.737.0> activating socket #Port<0.116>
15:42:13.018 [info] S1: Connection closed by 127.0.0.1:53815
15:42:13.018 [info] S1: Handler terminated for 127.0.0.1.
15:42:13.018 [info] S1: New connection accepted.
15:42:13.018 [debug] S1: TCPHandler #PID<0.738.0> init for socket #Port<0.118>
15:42:13.018 [debug] S1: TCPHandler #PID<0.738.0> activating socket #Port<0.118>
15:42:13.018 [info] S1: Connection closed by 127.0.0.1:53816
15:42:13.018 [info] S1: New connection accepted.
15:42:13.018 [info] S1: Handler terminated for 127.0.0.1.
15:42:13.018 [debug] S1: TCPHandler #PID<0.739.0> init for socket #Port<0.120>
15:42:13.018 [debug] S1: TCPHandler #PID<0.739.0> activating socket #Port<0.120>
15:42:13.018 [info] S1: Connection closed by 127.0.0.1:53817
15:42:13.018 [info] S1: Handler terminated for 127.0.0.1.
15:42:13.018 [info] S1: New connection accepted.
15:42:13.018 [debug] S1: TCPHandler #PID<0.740.0> init for socket #Port<0.122>
15:42:13.018 [debug] S1: TCPHandler #PID<0.740.0> activating socket #Port<0.122>
15:42:13.018 [info] S1: Connection closed by 127.0.0.1:53818
15:42:13.018 [info] S1: Handler terminated for 127.0.0.1.
15:42:13.018 [info] S1: New connection accepted.
15:42:13.018 [debug] S1: TCPHandler #PID<0.741.0> init for socket #Port<0.124>
15:42:13.018 [debug] S1: TCPHandler #PID<0.741.0> activating socket #Port<0.124>
15:42:13.018 [info] S1: Connection closed by 127.0.0.1:53819
15:42:13.018 [info] S1: Handler terminated for 127.0.0.1.
15:42:13.018 [info] S1: New connection accepted.
15:42:13.018 [debug] S1: TCPHandler #PID<0.742.0> init for socket #Port<0.126>
15:42:13.018 [debug] S1: TCPHandler #PID<0.742.0> activating socket #Port<0.126>
15:42:13.018 [info] S1: Connection closed by 127.0.0.1:53820
15:42:13.018 [info] S1: Handler terminated for 127.0.0.1.
15:42:13.018 [info] S1: New connection accepted.
15:42:13.018 [debug] S1: TCPHandler #PID<0.743.0> init for socket #Port<0.128>
15:42:13.018 [debug] S1: TCPHandler #PID<0.743.0> activating socket #Port<0.128>
15:42:13.019 [info] S1: New connection accepted.
15:42:13.019 [debug] S1: TCPHandler #PID<0.744.0> init for socket #Port<0.130>
15:42:13.019 [debug] S1: TCPHandler #PID<0.744.0> activating socket #Port<0.130>
15:42:13.019 [info] S1: Connection closed by 127.0.0.1:53822
15:42:13.019 [info] S1: Handler terminated for 127.0.0.1.
15:42:13.019 [info] S1: New connection accepted.
15:42:13.019 [debug] S1: TCPHandler #PID<0.745.0> init for socket #Port<0.132>
15:42:13.019 [debug] S1: TCPHandler #PID<0.745.0> activating socket #Port<0.132>
15:42:13.019 [info] S1: Connection closed by 127.0.0.1:53823
15:42:13.019 [info] S1: Handler terminated for 127.0.0.1.
15:42:13.019 [info] S1: New connection accepted.
15:42:13.019 [debug] S1: TCPHandler #PID<0.746.0> init for socket #Port<0.134>
15:42:13.019 [debug] S1: TCPHandler #PID<0.746.0> activating socket #Port<0.134>
15:42:13.019 [info] S1: Connection closed by 127.0.0.1:53824
15:42:13.019 [info] S1: Handler terminated for 127.0.0.1.
15:42:13.019 [info] S1: New connection accepted.
15:42:13.019 [debug] S1: TCPHandler #PID<0.747.0> init for socket #Port<0.136>
15:42:13.019 [debug] S1: TCPHandler #PID<0.747.0> activating socket #Port<0.136>
15:42:13.019 [info] S1: Connection closed by 127.0.0.1:53821
15:42:13.019 [info] S1: New connection accepted.
15:42:13.019 [debug] S1: TCPHandler #PID<0.748.0> init for socket #Port<0.138>
15:42:13.019 [debug] S1: TCPHandler #PID<0.748.0> activating socket #Port<0.138>
15:42:13.019 [info] S1: Connection closed by 127.0.0.1:53826
15:42:13.019 [info] S1: Handler terminated for 127.0.0.1.
15:42:13.019 [info] S1: New connection accepted.
15:42:13.019 [debug] S1: TCPHandler #PID<0.749.0> init for socket #Port<0.140>
15:42:13.019 [debug] S1: TCPHandler #PID<0.749.0> activating socket #Port<0.140>
15:42:13.019 [info] S1: Connection closed by 127.0.0.1:53827
15:42:13.019 [info] S1: Handler terminated for 127.0.0.1.
15:42:13.019 [info] S1: New connection accepted.
15:42:13.019 [debug] S1: TCPHandler #PID<0.750.0> init for socket #Port<0.142>
15:42:13.019 [debug] S1: TCPHandler #PID<0.750.0> activating socket #Port<0.142>
15:42:13.019 [info] S1: Connection closed by 127.0.0.1:53828
15:42:13.019 [info] S1: Handler terminated for 127.0.0.1.
15:42:13.020 [info] S1: New connection accepted.
15:42:13.020 [debug] S1: TCPHandler #PID<0.751.0> init for socket #Port<0.144>
15:42:13.020 [debug] S1: TCPHandler #PID<0.751.0> activating socket #Port<0.144>
15:42:13.020 [info] S1: Connection closed by 127.0.0.1:53829
15:42:13.020 [info] S1: Handler terminated for 127.0.0.1.
15:42:13.020 [info] S1: Connection closed by 127.0.0.1:53825
15:42:13.020 [info] S1: Handler terminated for 127.0.0.1.
15:42:13.020 [info] S1: New connection accepted.
15:42:13.020 [debug] S1: TCPHandler #PID<0.752.0> init for socket #Port<0.146>
15:42:13.020 [debug] S1: TCPHandler #PID<0.752.0> activating socket #Port<0.146>
15:42:13.020 [info] S1: Connection closed by 127.0.0.1:53830
15:42:13.020 [info] S1: Handler terminated for 127.0.0.1.
15:42:13.020 [info] S1: New connection accepted.
15:42:13.020 [debug] S1: TCPHandler #PID<0.753.0> init for socket #Port<0.148>
15:42:13.020 [debug] S1: TCPHandler #PID<0.753.0> activating socket #Port<0.148>
15:42:13.020 [info] S1: Connection closed by 127.0.0.1:53831
15:42:13.020 [info] S1: Handler terminated for 127.0.0.1.
15:42:13.020 [info] S1: New connection accepted.
15:42:13.020 [debug] S1: TCPHandler #PID<0.754.0> init for socket #Port<0.150>
15:42:13.020 [debug] S1: TCPHandler #PID<0.754.0> activating socket #Port<0.150>
15:42:13.020 [info] S1: Connection closed by 127.0.0.1:53832
15:42:13.020 [info] S1: Handler terminated for 127.0.0.1.
15:42:13.020 [info] S1: New connection accepted.
15:42:13.020 [debug] S1: TCPHandler #PID<0.755.0> init for socket #Port<0.152>
15:42:13.020 [debug] S1: TCPHandler #PID<0.755.0> activating socket #Port<0.152>
15:42:13.020 [info] S1: Connection closed by 127.0.0.1:53833
15:42:13.020 [info] S1: Handler terminated for 127.0.0.1.
15:42:13.020 [info] S1: New connection accepted.
15:42:13.020 [debug] S1: TCPHandler #PID<0.756.0> init for socket #Port<0.154>
15:42:13.020 [debug] S1: TCPHandler #PID<0.756.0> activating socket #Port<0.154>
15:42:13.020 [info] S1: Connection closed by 127.0.0.1:53834
15:42:13.020 [info] S1: Handler terminated for 127.0.0.1.
15:42:13.021 [info] S1: New connection accepted.
15:42:13.021 [debug] S1: TCPHandler #PID<0.757.0> init for socket #Port<0.156>
15:42:13.021 [debug] S1: TCPHandler #PID<0.757.0> activating socket #Port<0.156>
15:42:13.021 [info] S1: Connection closed by 127.0.0.1:53835
15:42:13.021 [info] S1: Handler terminated for 127.0.0.1.
15:42:13.021 [info] S1: New connection accepted.
15:42:13.021 [debug] S1: TCPHandler #PID<0.758.0> init for socket #Port<0.158>
15:42:13.021 [debug] S1: TCPHandler #PID<0.758.0> activating socket #Port<0.158>
15:42:13.021 [info] S1: Connection closed by 127.0.0.1:53836
15:42:13.021 [info] S1: Handler terminated for 127.0.0.1.
15:42:13.021 [info] S1: New connection accepted.
15:42:13.021 [debug] S1: TCPHandler #PID<0.759.0> init for socket #Port<0.160>
15:42:13.021 [debug] S1: TCPHandler #PID<0.759.0> activating socket #Port<0.160>
15:42:13.021 [info] S1: Connection closed by 127.0.0.1:53837
15:42:13.021 [info] S1: Handler terminated for 127.0.0.1.
15:42:13.021 [info] S1: New connection accepted.
15:42:13.021 [debug] S1: TCPHandler #PID<0.760.0> init for socket #Port<0.162>
15:42:13.021 [debug] S1: TCPHandler #PID<0.760.0> activating socket #Port<0.162>
15:42:13.021 [info] S1: Connection closed by 127.0.0.1:53838
15:42:13.021 [info] S1: Handler terminated for 127.0.0.1.
15:42:13.021 [info] S1: New connection accepted.
15:42:13.021 [debug] S1: TCPHandler #PID<0.761.0> init for socket #Port<0.164>
15:42:13.021 [debug] S1: TCPHandler #PID<0.761.0> activating socket #Port<0.164>
15:42:13.021 [info] S1: Connection closed by 127.0.0.1:53839
15:42:13.021 [info] S1: Handler terminated for 127.0.0.1.
15:42:13.021 [info] S1: Handler terminated for 127.0.0.1.
15:42:13.021 [info] S1: New connection accepted.
15:42:13.022 [debug] S1: TCPHandler #PID<0.762.0> init for socket #Port<0.166>
15:42:13.022 [debug] S1: TCPHandler #PID<0.762.0> activating socket #Port<0.166>
15:42:13.022 [info] S1: Connection closed by 127.0.0.1:53840
15:42:13.022 [info] S1: Handler terminated for 127.0.0.1.
15:42:13.222 [info] S1: Stopped TCP Listener.
.15:42:13.222 [error] Child DataDiode.S1.Encapsulator of Supervisor DataDiode.Supervisor terminated
** (exit) killed
Pid: #PID<0.231.0>
Start Call: DataDiode.S1.Encapsulator.start_link()
Restart: :permanent
Shutdown: 5000
Type: :worker
15:42:13.223 [info] Child DataDiode.S1.Encapsulator of Supervisor DataDiode.Supervisor started
Pid: #PID<0.765.0>
Start Call: DataDiode.S1.Encapsulator.start_link()
Restart: :permanent
Shutdown: 5000
Type: :worker
.15:42:13.233 [error] Child DataDiode.S1.Encapsulator of Supervisor DataDiode.Supervisor terminated
** (exit) killed
Pid: #PID<0.765.0>
Start Call: DataDiode.S1.Encapsulator.start_link()
Restart: :permanent
Shutdown: 5000
Type: :worker
15:42:13.234 [info] Child DataDiode.S1.Encapsulator of Supervisor DataDiode.Supervisor started
Pid: #PID<0.767.0>
Start Call: DataDiode.S1.Encapsulator.start_link()
Restart: :permanent
Shutdown: 5000
Type: :worker
.15:42:13.244 [error] Child DataDiode.S1.Encapsulator of Supervisor DataDiode.Supervisor terminated
** (exit) killed
Pid: #PID<0.767.0>
Start Call: DataDiode.S1.Encapsulator.start_link()
Restart: :permanent
Shutdown: 5000
Type: :worker
15:42:13.245 [info] Child DataDiode.S1.Encapsulator of Supervisor DataDiode.Supervisor started
Pid: #PID<0.769.0>
Start Call: DataDiode.S1.Encapsulator.start_link()
Restart: :permanent
Shutdown: 5000
Type: :worker
.15:42:13.255 [error] Child DataDiode.S1.Encapsulator of Supervisor DataDiode.Supervisor terminated
** (exit) killed
Pid: #PID<0.769.0>
Start Call: DataDiode.S1.Encapsulator.start_link()
Restart: :permanent
Shutdown: 5000
Type: :worker
15:42:13.255 [info] Child DataDiode.S1.Encapsulator of Supervisor DataDiode.Supervisor started
Pid: #PID<0.771.0>
Start Call: DataDiode.S1.Encapsulator.start_link()
Restart: :permanent
Shutdown: 5000
Type: :worker
15:42:13.266 [warning] S1 Encapsulator: Invalid IP invalid, dropping packet.
.15:42:13.545 [info] S1: New connection accepted.
15:42:13.546 [debug] S1: TCPHandler #PID<0.774.0> init for socket #Port<0.176>
15:42:13.546 [debug] S1: TCPHandler #PID<0.774.0> activating socket #Port<0.176>
15:42:13.546 [info] S1: Connection closed by 127.0.0.1:53841
15:42:13.546 [info] S1: Handler terminated for 127.0.0.1.
15:42:13.546 [info] S1: New connection accepted.
15:42:13.546 [debug] S1: TCPHandler #PID<0.775.0> init for socket #Port<0.178>
15:42:13.546 [debug] S1: TCPHandler #PID<0.775.0> activating socket #Port<0.178>
15:42:13.546 [info] S1: Connection closed by 127.0.0.1:53842
15:42:13.546 [info] S1: Handler terminated for 127.0.0.1.
15:42:13.546 [info] S1: New connection accepted.
15:42:13.546 [debug] S1: TCPHandler #PID<0.776.0> init for socket #Port<0.180>
15:42:13.546 [debug] S1: TCPHandler #PID<0.776.0> activating socket #Port<0.180>
15:42:13.546 [info] S1: Connection closed by 127.0.0.1:53843
15:42:13.546 [info] S1: Handler terminated for 127.0.0.1.
15:42:13.546 [info] S1: New connection accepted.
15:42:13.546 [debug] S1: TCPHandler #PID<0.777.0> init for socket #Port<0.182>
15:42:13.546 [debug] S1: TCPHandler #PID<0.777.0> activating socket #Port<0.182>
15:42:13.546 [info] S1: Connection closed by 127.0.0.1:53844
15:42:13.546 [info] S1: Handler terminated for 127.0.0.1.
15:42:13.546 [info] S1: New connection accepted.
15:42:13.546 [debug] S1: TCPHandler #PID<0.778.0> init for socket #Port<0.184>
15:42:13.546 [debug] S1: TCPHandler #PID<0.778.0> activating socket #Port<0.184>
15:42:13.546 [info] S1: Connection closed by 127.0.0.1:53845
15:42:13.546 [info] S1: Handler terminated for 127.0.0.1.
..15:42:13.750 [debug] S1: TCPHandler #PID<0.797.0> init for socket #Port<0.188>
15:42:13.772 [debug] S1: TCPHandler #PID<0.815.0> init for socket #Port<0.190>
15:42:13.794 [debug] S1: TCPHandler #PID<0.833.0> init for socket #Port<0.192>
.....15:42:13.847 [info] S2: Starting UDP Listener on port 0...
....15:42:13.857 [info] S2: Starting UDP Listener on port 0...
15:42:13.858 [info] S2: Decapsulated packet from 127.0.0.1:80. Payload size: 7 bytes.
15:42:13.858 [info] S2: Decapsulated packet from 127.0.0.1:80. Payload size: 7 bytes.
15:42:13.858 [debug] S2: Successfully wrote 7 bytes to ./data_1766119333858_70_80.dat. (Simulated secure write)
15:42:13.858 [debug] S2: Successfully wrote 7 bytes to ./data_1766119333858_69_80.dat. (Simulated secure write)
15:42:13.858 [info] S2: Decapsulated packet from 127.0.0.1:80. Payload size: 7 bytes.
15:42:13.858 [debug] S2: Successfully wrote 7 bytes to ./data_1766119333858_71_80.dat. (Simulated secure write)
15:42:13.858 [info] S2: Decapsulated packet from 127.0.0.1:80. Payload size: 7 bytes.
15:42:13.858 [debug] S2: Successfully wrote 7 bytes to ./data_1766119333858_72_80.dat. (Simulated secure write)
15:42:13.858 [info] S2: Decapsulated packet from 127.0.0.1:80. Payload size: 7 bytes.
15:42:13.858 [debug] S2: Successfully wrote 7 bytes to ./data_1766119333858_73_80.dat. (Simulated secure write)
15:42:13.858 [info] S2: Decapsulated packet from 127.0.0.1:80. Payload size: 7 bytes.
15:42:13.858 [debug] S2: Successfully wrote 7 bytes to ./data_1766119333858_74_80.dat. (Simulated secure write)
15:42:13.858 [info] S2: Decapsulated packet from 127.0.0.1:80. Payload size: 7 bytes.
15:42:13.858 [debug] S2: Successfully wrote 7 bytes to ./data_1766119333858_75_80.dat. (Simulated secure write)
15:42:13.858 [info] S2: Decapsulated packet from 127.0.0.1:80. Payload size: 7 bytes.
15:42:13.858 [debug] S2: Successfully wrote 7 bytes to ./data_1766119333858_76_80.dat. (Simulated secure write)
15:42:13.858 [info] S2: Decapsulated packet from 127.0.0.1:80. Payload size: 7 bytes.
15:42:13.858 [info] S2: Decapsulated packet from 127.0.0.1:80. Payload size: 7 bytes.
15:42:13.858 [debug] S2: Successfully wrote 7 bytes to ./data_1766119333858_77_80.dat. (Simulated secure write)
15:42:13.858 [debug] S2: Successfully wrote 7 bytes to ./data_1766119333858_78_80.dat. (Simulated secure write)
15:42:13.859 [info] S2: Decapsulated packet from 127.0.0.1:80. Payload size: 7 bytes.
15:42:13.859 [debug] S2: Successfully wrote 7 bytes to ./data_1766119333859_79_80.dat. (Simulated secure write)
15:42:13.859 [info] S2: Decapsulated packet from 127.0.0.1:80. Payload size: 7 bytes.
15:42:13.859 [debug] S2: Successfully wrote 7 bytes to ./data_1766119333859_80_80.dat. (Simulated secure write)
15:42:13.859 [info] S2: Decapsulated packet from 127.0.0.1:80. Payload size: 7 bytes.
15:42:13.859 [debug] S2: Successfully wrote 7 bytes to ./data_1766119333859_81_80.dat. (Simulated secure write)
15:42:13.859 [info] S2: Decapsulated packet from 127.0.0.1:80. Payload size: 7 bytes.
15:42:13.859 [debug] S2: Successfully wrote 7 bytes to ./data_1766119333859_82_80.dat. (Simulated secure write)
15:42:13.859 [info] S2: Decapsulated packet from 127.0.0.1:80. Payload size: 7 bytes.
15:42:13.859 [debug] S2: Successfully wrote 7 bytes to ./data_1766119333859_83_80.dat. (Simulated secure write)
15:42:13.859 [info] S2: Decapsulated packet from 127.0.0.1:80. Payload size: 7 bytes.
15:42:13.859 [debug] S2: Successfully wrote 7 bytes to ./data_1766119333859_84_80.dat. (Simulated secure write)
15:42:13.859 [info] S2: Decapsulated packet from 127.0.0.1:80. Payload size: 7 bytes.
15:42:13.859 [debug] S2: Successfully wrote 7 bytes to ./data_1766119333859_85_80.dat. (Simulated secure write)
15:42:13.859 [info] S2: Decapsulated packet from 127.0.0.1:80. Payload size: 7 bytes.
15:42:13.859 [debug] S2: Successfully wrote 7 bytes to ./data_1766119333859_86_80.dat. (Simulated secure write)
15:42:13.859 [info] S2: Decapsulated packet from 127.0.0.1:80. Payload size: 7 bytes.
15:42:13.859 [debug] S2: Successfully wrote 7 bytes to ./data_1766119333859_87_80.dat. (Simulated secure write)
15:42:13.859 [info] S2: Decapsulated packet from 127.0.0.1:80. Payload size: 7 bytes.
15:42:13.859 [debug] S2: Successfully wrote 7 bytes to ./data_1766119333859_88_80.dat. (Simulated secure write)
15:42:13.859 [info] S2: Decapsulated packet from 127.0.0.1:80. Payload size: 7 bytes.
15:42:13.859 [debug] S2: Successfully wrote 7 bytes to ./data_1766119333859_89_80.dat. (Simulated secure write)
15:42:13.859 [info] S2: Decapsulated packet from 127.0.0.1:80. Payload size: 7 bytes.
15:42:13.859 [debug] S2: Successfully wrote 7 bytes to ./data_1766119333859_90_80.dat. (Simulated secure write)
15:42:13.859 [info] S2: Decapsulated packet from 127.0.0.1:80. Payload size: 7 bytes.
15:42:13.859 [debug] S2: Successfully wrote 7 bytes to ./data_1766119333859_91_80.dat. (Simulated secure write)
15:42:13.859 [info] S2: Decapsulated packet from 127.0.0.1:80. Payload size: 7 bytes.
15:42:13.859 [debug] S2: Successfully wrote 7 bytes to ./data_1766119333859_92_80.dat. (Simulated secure write)
15:42:13.860 [info] S2: Decapsulated packet from 127.0.0.1:80. Payload size: 7 bytes.
15:42:13.860 [debug] S2: Successfully wrote 7 bytes to ./data_1766119333860_93_80.dat. (Simulated secure write)
15:42:13.860 [info] S2: Decapsulated packet from 127.0.0.1:80. Payload size: 7 bytes.
15:42:13.860 [debug] S2: Successfully wrote 7 bytes to ./data_1766119333860_94_80.dat. (Simulated secure write)
15:42:13.860 [info] S2: Decapsulated packet from 127.0.0.1:80. Payload size: 7 bytes.
15:42:13.860 [debug] S2: Successfully wrote 7 bytes to ./data_1766119333860_95_80.dat. (Simulated secure write)
15:42:13.860 [info] S2: Decapsulated packet from 127.0.0.1:80. Payload size: 7 bytes.
15:42:13.860 [debug] S2: Successfully wrote 7 bytes to ./data_1766119333860_96_80.dat. (Simulated secure write)
15:42:13.860 [info] S2: Decapsulated packet from 127.0.0.1:80. Payload size: 7 bytes.
15:42:13.860 [debug] S2: Successfully wrote 7 bytes to ./data_1766119333860_97_80.dat. (Simulated secure write)
15:42:13.860 [info] S2: Decapsulated packet from 127.0.0.1:80. Payload size: 7 bytes.
15:42:13.860 [debug] S2: Successfully wrote 7 bytes to ./data_1766119333860_98_80.dat. (Simulated secure write)
15:42:13.860 [info] S2: Decapsulated packet from 127.0.0.1:80. Payload size: 7 bytes.
15:42:13.860 [info] S2: Decapsulated packet from 127.0.0.1:80. Payload size: 7 bytes.
15:42:13.860 [debug] S2: Successfully wrote 7 bytes to ./data_1766119333860_99_80.dat. (Simulated secure write)
15:42:13.860 [debug] S2: Successfully wrote 7 bytes to ./data_1766119333860_100_80.dat. (Simulated secure write)
15:42:13.860 [info] S2: Decapsulated packet from 127.0.0.1:80. Payload size: 7 bytes.
15:42:13.860 [debug] S2: Successfully wrote 7 bytes to ./data_1766119333860_101_80.dat. (Simulated secure write)
15:42:13.860 [info] S2: Decapsulated packet from 127.0.0.1:80. Payload size: 7 bytes.
15:42:13.860 [debug] S2: Successfully wrote 7 bytes to ./data_1766119333860_102_80.dat. (Simulated secure write)
15:42:13.860 [info] S2: Decapsulated packet from 127.0.0.1:80. Payload size: 7 bytes.
15:42:13.860 [debug] S2: Successfully wrote 7 bytes to ./data_1766119333860_103_80.dat. (Simulated secure write)
15:42:13.860 [info] S2: Decapsulated packet from 127.0.0.1:80. Payload size: 7 bytes.
15:42:13.860 [debug] S2: Successfully wrote 7 bytes to ./data_1766119333860_104_80.dat. (Simulated secure write)
15:42:13.860 [info] S2: Decapsulated packet from 127.0.0.1:80. Payload size: 7 bytes.
15:42:13.860 [debug] S2: Successfully wrote 7 bytes to ./data_1766119333860_105_80.dat. (Simulated secure write)
15:42:13.860 [info] S2: Decapsulated packet from 127.0.0.1:80. Payload size: 7 bytes.
15:42:13.860 [debug] S2: Successfully wrote 7 bytes to ./data_1766119333860_106_80.dat. (Simulated secure write)
15:42:13.860 [info] S2: Decapsulated packet from 127.0.0.1:80. Payload size: 7 bytes.
15:42:13.860 [debug] S2: Successfully wrote 7 bytes to ./data_1766119333860_107_80.dat. (Simulated secure write)
15:42:13.860 [info] S2: Decapsulated packet from 127.0.0.1:80. Payload size: 7 bytes.
15:42:13.860 [debug] S2: Successfully wrote 7 bytes to ./data_1766119333860_108_80.dat. (Simulated secure write)
15:42:13.860 [info] S2: Decapsulated packet from 127.0.0.1:80. Payload size: 7 bytes.
15:42:13.860 [debug] S2: Successfully wrote 7 bytes to ./data_1766119333860_109_80.dat. (Simulated secure write)
15:42:13.860 [info] S2: Decapsulated packet from 127.0.0.1:80. Payload size: 7 bytes.
15:42:13.860 [debug] S2: Successfully wrote 7 bytes to ./data_1766119333860_110_80.dat. (Simulated secure write)
15:42:13.861 [info] S2: Decapsulated packet from 127.0.0.1:80. Payload size: 7 bytes.
15:42:13.861 [info] S2: Decapsulated packet from 127.0.0.1:80. Payload size: 7 bytes.
15:42:13.861 [debug] S2: Successfully wrote 7 bytes to ./data_1766119333861_111_80.dat. (Simulated secure write)
15:42:13.861 [info] S2: Decapsulated packet from 127.0.0.1:80. Payload size: 7 bytes.
15:42:13.861 [debug] S2: Successfully wrote 7 bytes to ./data_1766119333861_112_80.dat. (Simulated secure write)
15:42:13.861 [info] S2: Decapsulated packet from 127.0.0.1:80. Payload size: 7 bytes.
15:42:13.861 [debug] S2: Successfully wrote 7 bytes to ./data_1766119333861_113_80.dat. (Simulated secure write)
15:42:13.861 [info] S2: Decapsulated packet from 127.0.0.1:80. Payload size: 7 bytes.
15:42:13.861 [debug] S2: Successfully wrote 7 bytes to ./data_1766119333861_114_80.dat. (Simulated secure write)
15:42:13.861 [info] S2: Decapsulated packet from 127.0.0.1:80. Payload size: 7 bytes.
15:42:13.861 [debug] S2: Successfully wrote 7 bytes to ./data_1766119333861_115_80.dat. (Simulated secure write)
15:42:13.861 [info] S2: Decapsulated packet from 127.0.0.1:80. Payload size: 7 bytes.
15:42:13.861 [debug] S2: Successfully wrote 7 bytes to ./data_1766119333861_116_80.dat. (Simulated secure write)
15:42:13.861 [info] S2: Decapsulated packet from 127.0.0.1:80. Payload size: 7 bytes.
15:42:13.861 [debug] S2: Successfully wrote 7 bytes to ./data_1766119333861_117_80.dat. (Simulated secure write)
15:42:13.861 [info] S2: Decapsulated packet from 127.0.0.1:80. Payload size: 7 bytes.
15:42:13.861 [debug] S2: Successfully wrote 7 bytes to ./data_1766119333861_118_80.dat. (Simulated secure write)
15:42:13.861 [info] S2: Decapsulated packet from 127.0.0.1:80. Payload size: 7 bytes.
15:42:13.861 [debug] S2: Successfully wrote 7 bytes to ./data_1766119333861_119_80.dat. (Simulated secure write)
15:42:13.861 [info] S2: Decapsulated packet from 127.0.0.1:80. Payload size: 7 bytes.
15:42:13.861 [debug] S2: Successfully wrote 7 bytes to ./data_1766119333861_120_80.dat. (Simulated secure write)
15:42:13.861 [debug] S2: Successfully wrote 7 bytes to ./data_1766119333861_121_80.dat. (Simulated secure write)
15:42:13.861 [info] S2: Decapsulated packet from 127.0.0.1:80. Payload size: 7 bytes.
15:42:13.861 [info] S2: Decapsulated packet from 127.0.0.1:80. Payload size: 7 bytes.
15:42:13.861 [debug] S2: Successfully wrote 7 bytes to ./data_1766119333861_122_80.dat. (Simulated secure write)
15:42:13.861 [info] S2: Decapsulated packet from 127.0.0.1:80. Payload size: 7 bytes.
15:42:13.861 [debug] S2: Successfully wrote 7 bytes to ./data_1766119333861_123_80.dat. (Simulated secure write)
15:42:13.862 [info] S2: Decapsulated packet from 127.0.0.1:80. Payload size: 7 bytes.
15:42:13.862 [debug] S2: Successfully wrote 7 bytes to ./data_1766119333862_124_80.dat. (Simulated secure write)
15:42:13.862 [info] S2: Decapsulated packet from 127.0.0.1:80. Payload size: 7 bytes.
15:42:13.862 [debug] S2: Successfully wrote 7 bytes to ./data_1766119333862_125_80.dat. (Simulated secure write)
15:42:13.862 [info] S2: Decapsulated packet from 127.0.0.1:80. Payload size: 7 bytes.
15:42:13.862 [debug] S2: Successfully wrote 7 bytes to ./data_1766119333862_126_80.dat. (Simulated secure write)
15:42:13.862 [info] S2: Decapsulated packet from 127.0.0.1:80. Payload size: 7 bytes.
15:42:13.862 [debug] S2: Successfully wrote 7 bytes to ./data_1766119333862_127_80.dat. (Simulated secure write)
15:42:13.862 [info] S2: Decapsulated packet from 127.0.0.1:80. Payload size: 7 bytes.
15:42:13.862 [debug] S2: Successfully wrote 7 bytes to ./data_1766119333862_128_80.dat. (Simulated secure write)
15:42:13.862 [info] S2: Decapsulated packet from 127.0.0.1:80. Payload size: 7 bytes.
15:42:13.862 [info] S2: Decapsulated packet from 127.0.0.1:80. Payload size: 7 bytes.
15:42:13.862 [debug] S2: Successfully wrote 7 bytes to ./data_1766119333862_129_80.dat. (Simulated secure write)
15:42:13.862 [debug] S2: Successfully wrote 7 bytes to ./data_1766119333862_130_80.dat. (Simulated secure write)
15:42:13.862 [debug] S2: Successfully wrote 7 bytes to ./data_1766119333862_131_80.dat. (Simulated secure write)
15:42:13.862 [info] S2: Decapsulated packet from 127.0.0.1:80. Payload size: 7 bytes.
15:42:13.862 [debug] S2: Successfully wrote 7 bytes to ./data_1766119333862_132_80.dat. (Simulated secure write)
15:42:13.862 [info] S2: Decapsulated packet from 127.0.0.1:80. Payload size: 7 bytes.
15:42:13.862 [debug] S2: Successfully wrote 7 bytes to ./data_1766119333862_133_80.dat. (Simulated secure write)
15:42:13.862 [info] S2: Decapsulated packet from 127.0.0.1:80. Payload size: 7 bytes.
15:42:13.862 [debug] S2: Successfully wrote 7 bytes to ./data_1766119333862_134_80.dat. (Simulated secure write)
15:42:13.862 [info] S2: Decapsulated packet from 127.0.0.1:80. Payload size: 7 bytes.
15:42:13.862 [debug] S2: Successfully wrote 7 bytes to ./data_1766119333862_135_80.dat. (Simulated secure write)
15:42:13.862 [info] S2: Decapsulated packet from 127.0.0.1:80. Payload size: 7 bytes.
15:42:13.862 [debug] S2: Successfully wrote 7 bytes to ./data_1766119333862_136_80.dat. (Simulated secure write)
15:42:13.862 [info] S2: Decapsulated packet from 127.0.0.1:80. Payload size: 7 bytes.
15:42:13.862 [debug] S2: Successfully wrote 7 bytes to ./data_1766119333862_137_80.dat. (Simulated secure write)
15:42:13.862 [info] S2: Decapsulated packet from 127.0.0.1:80. Payload size: 7 bytes.
15:42:13.862 [debug] S2: Successfully wrote 7 bytes to ./data_1766119333862_138_80.dat. (Simulated secure write)
15:42:13.862 [info] S2: Decapsulated packet from 127.0.0.1:80. Payload size: 7 bytes.
15:42:13.862 [debug] S2: Successfully wrote 7 bytes to ./data_1766119333862_139_80.dat. (Simulated secure write)
15:42:13.863 [info] S2: Decapsulated packet from 127.0.0.1:80. Payload size: 7 bytes.
15:42:13.863 [debug] S2: Successfully wrote 7 bytes to ./data_1766119333863_140_80.dat. (Simulated secure write)
15:42:13.863 [info] S2: Decapsulated packet from 127.0.0.1:80. Payload size: 7 bytes.
15:42:13.863 [debug] S2: Successfully wrote 7 bytes to ./data_1766119333863_141_80.dat. (Simulated secure write)
15:42:13.863 [info] S2: Decapsulated packet from 127.0.0.1:80. Payload size: 7 bytes.
15:42:13.863 [debug] S2: Successfully wrote 7 bytes to ./data_1766119333863_142_80.dat. (Simulated secure write)
15:42:13.863 [info] S2: Decapsulated packet from 127.0.0.1:80. Payload size: 7 bytes.
15:42:13.863 [debug] S2: Successfully wrote 7 bytes to ./data_1766119333863_143_80.dat. (Simulated secure write)
15:42:13.863 [info] S2: Decapsulated packet from 127.0.0.1:80. Payload size: 7 bytes.
15:42:13.863 [debug] S2: Successfully wrote 7 bytes to ./data_1766119333863_144_80.dat. (Simulated secure write)
15:42:13.863 [info] S2: Decapsulated packet from 127.0.0.1:80. Payload size: 7 bytes.
15:42:13.863 [debug] S2: Successfully wrote 7 bytes to ./data_1766119333863_145_80.dat. (Simulated secure write)
15:42:13.863 [info] S2: Decapsulated packet from 127.0.0.1:80. Payload size: 7 bytes.
15:42:13.863 [debug] S2: Successfully wrote 7 bytes to ./data_1766119333863_146_80.dat. (Simulated secure write)
15:42:13.863 [info] S2: Decapsulated packet from 127.0.0.1:80. Payload size: 7 bytes.
15:42:13.863 [info] S2: Decapsulated packet from 127.0.0.1:80. Payload size: 7 bytes.
15:42:13.863 [info] S2: Decapsulated packet from 127.0.0.1:80. Payload size: 7 bytes.
15:42:13.863 [info] S2: Decapsulated packet from 127.0.0.1:80. Payload size: 7 bytes.
15:42:13.863 [info] S2: Decapsulated packet from 127.0.0.1:80. Payload size: 7 bytes.
15:42:13.863 [info] S2: Decapsulated packet from 127.0.0.1:80. Payload size: 7 bytes.
15:42:13.863 [info] S2: Decapsulated packet from 127.0.0.1:80. Payload size: 7 bytes.
15:42:13.863 [info] S2: Decapsulated packet from 127.0.0.1:80. Payload size: 7 bytes.
15:42:13.863 [info] S2: Decapsulated packet from 127.0.0.1:80. Payload size: 7 bytes.
15:42:13.864 [info] S2: Decapsulated packet from 127.0.0.1:80. Payload size: 7 bytes.
15:42:13.864 [info] S2: Decapsulated packet from 127.0.0.1:80. Payload size: 7 bytes.
15:42:13.864 [info] S2: Decapsulated packet from 127.0.0.1:80. Payload size: 7 bytes.
15:42:13.864 [debug] S2: Successfully wrote 7 bytes to ./data_1766119333864_147_80.dat. (Simulated secure write)
15:42:13.864 [info] S2: Decapsulated packet from 127.0.0.1:80. Payload size: 7 bytes.
15:42:13.864 [info] S2: Decapsulated packet from 127.0.0.1:80. Payload size: 7 bytes.
15:42:13.864 [debug] S2: Successfully wrote 7 bytes to ./data_1766119333864_149_80.dat. (Simulated secure write)
15:42:13.864 [debug] S2: Successfully wrote 7 bytes to ./data_1766119333864_148_80.dat. (Simulated secure write)
15:42:13.864 [debug] S2: Successfully wrote 7 bytes to ./data_1766119333864_154_80.dat. (Simulated secure write)
15:42:13.864 [debug] S2: Successfully wrote 7 bytes to ./data_1766119333864_150_80.dat. (Simulated secure write)
15:42:13.864 [debug] S2: Successfully wrote 7 bytes to ./data_1766119333864_152_80.dat. (Simulated secure write)
15:42:13.864 [debug] S2: Successfully wrote 7 bytes to ./data_1766119333864_156_80.dat. (Simulated secure write)
15:42:13.864 [info] S2: Decapsulated packet from 127.0.0.1:80. Payload size: 7 bytes.
15:42:13.864 [debug] S2: Successfully wrote 7 bytes to ./data_1766119333864_151_80.dat. (Simulated secure write)
15:42:13.864 [debug] S2: Successfully wrote 7 bytes to ./data_1766119333864_153_80.dat. (Simulated secure write)
15:42:13.864 [debug] S2: Successfully wrote 7 bytes to ./data_1766119333864_157_80.dat. (Simulated secure write)
15:42:13.864 [debug] S2: Successfully wrote 7 bytes to ./data_1766119333864_155_80.dat. (Simulated secure write)
15:42:13.864 [info] S2: Decapsulated packet from 127.0.0.1:80. Payload size: 7 bytes.
15:42:13.864 [debug] S2: Successfully wrote 7 bytes to ./data_1766119333864_158_80.dat. (Simulated secure write)
15:42:13.864 [info] S2: Decapsulated packet from 127.0.0.1:80. Payload size: 7 bytes.
15:42:13.864 [debug] S2: Successfully wrote 7 bytes to ./data_1766119333864_159_80.dat. (Simulated secure write)
15:42:13.864 [info] S2: Decapsulated packet from 127.0.0.1:80. Payload size: 7 bytes.
15:42:13.864 [debug] S2: Successfully wrote 7 bytes to ./data_1766119333864_160_80.dat. (Simulated secure write)
15:42:13.864 [info] S2: Decapsulated packet from 127.0.0.1:80. Payload size: 7 bytes.
15:42:13.864 [debug] S2: Successfully wrote 7 bytes to ./data_1766119333864_161_80.dat. (Simulated secure write)
15:42:13.864 [info] S2: Decapsulated packet from 127.0.0.1:80. Payload size: 7 bytes.
15:42:13.864 [debug] S2: Successfully wrote 7 bytes to ./data_1766119333864_162_80.dat. (Simulated secure write)
15:42:13.864 [info] S2: Decapsulated packet from 127.0.0.1:80. Payload size: 7 bytes.
15:42:13.864 [debug] S2: Successfully wrote 7 bytes to ./data_1766119333864_163_80.dat. (Simulated secure write)
15:42:13.865 [info] S2: Decapsulated packet from 127.0.0.1:80. Payload size: 7 bytes.
15:42:13.865 [debug] S2: Successfully wrote 7 bytes to ./data_1766119333865_164_80.dat. (Simulated secure write)
15:42:13.865 [debug] S2: Successfully wrote 7 bytes to ./data_1766119333865_165_80.dat. (Simulated secure write)
15:42:13.865 [debug] S2: Successfully wrote 7 bytes to ./data_1766119333865_166_80.dat. (Simulated secure write)
15:42:13.865 [debug] S2: Successfully wrote 7 bytes to ./data_1766119333865_167_80.dat. (Simulated secure write)
15:42:13.865 [debug] S2: Successfully wrote 7 bytes to ./data_1766119333865_168_80.dat. (Simulated secure write)
.15:42:13.965 [info] S2: Starting UDP Listener on port 0...
15:42:13.966 [info] S2: Decapsulated packet from 1.2.3.4:51210. Payload size: 5 bytes.
15:42:13.966 [debug] S2: Successfully wrote 5 bytes to ./data_1766119333966_169_51210.dat. (Simulated secure write)
..15:42:14.016 [error] S2: UDP Listener socket closed unexpectedly. Terminating.
.15:42:14.016 [warning] S2: Invalid LISTEN_IP_S2 invalid, falling back to all interfaces.
.
Finished in 2.4 seconds (0.1s async, 2.2s sync)
1 doctest, 74 tests, 1 failure
